127.0.0.1 - - [23/Feb/2016:17:35:33 +0100] "GET / HTTP/1.1" 500 380 "-" "Mozilla/5.0 (Macintosh; Intel Mac OS X 10_10_5) AppleWebKit/537.36 (KHTML, like Gecko) Chrome/48.0.2564.109 Safari/537.36"
127.0.0.1 - - [23/Feb/2016:17:44:37 +0100] "GET / HTTP/1.1" 200 357 "-" "Mozilla/5.0 (Macintosh; Intel Mac OS X 10_10_5) AppleWebKit/537.36 (KHTML, like Gecko) Chrome/48.0.2564.109 Safari/537.36"
127.0.0.1 - - [23/Feb/2016:17:46:45 +0100] "GET / HTTP/1.1" 200 357 "-" "Mozilla/5.0 (Macintosh; Intel Mac OS X 10_10_5) AppleWebKit/537.36 (KHTML, like Gecko) Chrome/48.0.2564.109 Safari/537.36"
127.0.0.1 - - [29/Feb/2016:11:28:02 +0100] "GET / HTTP/1.1" 200 415 "-" "Mozilla/5.0 (Macintosh; Intel Mac OS X 10_10_5) AppleWebKit/537.36 (KHTML, like Gecko) Chrome/48.0.2564.116 Safari/537.36"
127.0.0.1 - - [29/Feb/2016:11:30:07 +0100] "GET / HTTP/1.1" 200 415 "-" "Mozilla/5.0 (Macintosh; Intel Mac OS X 10_10_5) AppleWebKit/537.36 (KHTML, like Gecko) Chrome/48.0.2564.116 Safari/537.36"
127.0.0.1 - - [29/Feb/2016:11:33:32 +0100] "GET / HTTP/1.1" 200 415 "-" "Mozilla/5.0 (Macintosh; Intel Mac OS X 10_10_5) AppleWebKit/537.36 (KHTML, like Gecko) Chrome/48.0.2564.116 Safari/537.36"
127.0.0.1 - - [29/Feb/2016:11:36:02 +0100] "GET / HTTP/1.1" 200 415 "-" "Mozilla/5.0 (Macintosh; Intel Mac OS X 10_10_5) AppleWebKit/537.36 (KHTML, like Gecko) Chrome/48.0.2564.116 Safari/537.36"
127.0.0.1 - - [29/Feb/2016:11:36:38 +0100] "GET / HTTP/1.1" 200 415 "-" "Mozilla/5.0 (Macintosh; Intel Mac OS X 10_10_5) AppleWebKit/537.36 (KHTML, like Gecko) Chrome/48.0.2564.116 Safari/537.36"
127.0.0.1 - - [29/Feb/2016:11:37:27 +0100] "GET / HTTP/1.1" 200 415 "-" "Mozilla/5.0 (Macintosh; Intel Mac OS X 10_11_3) AppleWebKit/537.36 (KHTML, like Gecko) Chrome/48.0.2564.116 Safari/537.36"
127.0.0.1 - - [29/Feb/2016:11:37:52 +0100] "GET / HTTP/1.1" 200 415 "-" "Mozilla/5.0 (Macintosh; Intel Mac OS X 10_11_3) AppleWebKit/537.36 (KHTML, like Gecko) Chrome/48.0.2564.116 Safari/537.36"
127.0.0.1 - - [29/Feb/2016:11:38:07 +0100] "GET / HTTP/1.1" 200 415 "-" "Mozilla/5.0 (Macintosh; Intel Mac OS X 10_10_5) AppleWebKit/537.36 (KHTML, like Gecko) Chrome/48.0.2564.116 Safari/537.36"
127.0.0.1 - - [29/Feb/2016:11:43:19 +0100] "GET / HTTP/1.1" 200 591 "-" "Mozilla/5.0 (Macintosh; Intel Mac OS X 10_10_5) AppleWebKit/537.36 (KHTML, like Gecko) Chrome/48.0.2564.116 Safari/537.36"
127.0.0.1 - - [29/Feb/2016:11:43:20 +0100] "GET /css/styles.css?v=1.0 HTTP/1.1" 404 474 "http://forum.dispix.net/" "Mozilla/5.0 (Macintosh; Intel Mac OS X 10_10_5) AppleWebKit/537.36 (KHTML, like Gecko) Chrome/48.0.2564.116 Safari/537.36"
127.0.0.1 - - [29/Feb/2016:11:43:20 +0100] "GET /js/scripts.js HTTP/1.1" 404 473 "http://forum.dispix.net/" "Mozilla/5.0 (Macintosh; Intel Mac OS X 10_10_5) AppleWebKit/537.36 (KHTML, like Gecko) Chrome/48.0.2564.116 Safari/537.36"
127.0.0.1 - - [29/Feb/2016:11:43:20 +0100] "GET /favicon.ico HTTP/1.1" 404 471 "http://forum.dispix.net/" "Mozilla/5.0 (Macintosh; Intel Mac OS X 10_10_5) AppleWebKit/537.36 (KHTML, like Gecko) Chrome/48.0.2564.116 Safari/537.36"
127.0.0.1 - - [29/Feb/2016:11:43:41 +0100] "GET / HTTP/1.1" 200 591 "-" "Mozilla/5.0 (Macintosh; Intel Mac OS X 10_11_3) AppleWebKit/537.36 (KHTML, like Gecko) Chrome/48.0.2564.116 Safari/537.36"
127.0.0.1 - - [29/Feb/2016:11:43:41 +0100] "GET /css/styles.css?v=1.0 HTTP/1.1" 404 474 "http://forum.dispix.net/" "Mozilla/5.0 (Macintosh; Intel Mac OS X 10_11_3) AppleWebKit/537.36 (KHTML, like Gecko) Chrome/48.0.2564.116 Safari/537.36"
127.0.0.1 - - [29/Feb/2016:11:43:41 +0100] "GET /js/scripts.js HTTP/1.1" 404 473 "http://forum.dispix.net/" "Mozilla/5.0 (Macintosh; Intel Mac OS X 10_11_3) AppleWebKit/537.36 (KHTML, like Gecko) Chrome/48.0.2564.116 Safari/537.36"
127.0.0.1 - - [29/Feb/2016:11:43:42 +0100] "GET /favicon.ico HTTP/1.1" 404 471 "http://forum.dispix.net/" "Mozilla/5.0 (Macintosh; Intel Mac OS X 10_11_3) AppleWebKit/537.36 (KHTML, like Gecko) Chrome/48.0.2564.116 Safari/537.36"
127.0.0.1 - - [29/Feb/2016:11:43:45 +0100] "GET /css/styles.css?v=1.0 HTTP/1.1" 404 474 "http://forum.dispix.net/" "Mozilla/5.0 (Macintosh; Intel Mac OS X 10_11_3) AppleWebKit/537.36 (KHTML, like Gecko) Chrome/48.0.2564.116 Safari/537.36"
127.0.0.1 - - [29/Feb/2016:11:44:46 +0100] "GET / HTTP/1.1" 500 185 "-" "Mozilla/5.0 (Macintosh; Intel Mac OS X 10_10_5) AppleWebKit/537.36 (KHTML, like Gecko) Chrome/48.0.2564.116 Safari/537.36"
127.0.0.1 - - [29/Feb/2016:11:46:47 +0100] "GET / HTTP/1.1" 200 767 "-" "Mozilla/5.0 (Macintosh; Intel Mac OS X 10_11_3) AppleWebKit/537.36 (KHTML, like Gecko) Chrome/48.0.2564.116 Safari/537.36"
127.0.0.1 - - [29/Feb/2016:11:46:47 +0100] "GET /icons/blank.gif HTTP/1.1" 200 395 "http://forum.dispix.net/" "Mozilla/5.0 (Macintosh; Intel Mac OS X 10_11_3) AppleWebKit/537.36 (KHTML, like Gecko) Chrome/48.0.2564.116 Safari/537.36"
127.0.0.1 - - [29/Feb/2016:11:46:47 +0100] "GET /icons/unknown.gif HTTP/1.1" 200 492 "http://forum.dispix.net/" "Mozilla/5.0 (Macintosh; Intel Mac OS X 10_11_3) AppleWebKit/537.36 (KHTML, like Gecko) Chrome/48.0.2564.116 Safari/537.36"
127.0.0.1 - - [29/Feb/2016:11:46:47 +0100] "GET /icons/folder.gif HTTP/1.1" 200 472 "http://forum.dispix.net/" "Mozilla/5.0 (Macintosh; Intel Mac OS X 10_11_3) AppleWebKit/537.36 (KHTML, like Gecko) Chrome/48.0.2564.116 Safari/537.36"
127.0.0.1 - - [29/Feb/2016:11:47:10 +0100] "GET /public/ HTTP/1.1" 200 687 "http://forum.dispix.net/" "Mozilla/5.0 (Macintosh; Intel Mac OS X 10_11_3) AppleWebKit/537.36 (KHTML, like Gecko) Chrome/48.0.2564.116 Safari/537.36"
127.0.0.1 - - [29/Feb/2016:11:47:10 +0100] "GET /icons/back.gif HTTP/1.1" 200 463 "http://forum.dispix.net/public/" "Mozilla/5.0 (Macintosh; Intel Mac OS X 10_11_3) AppleWebKit/537.36 (KHTML, like Gecko) Chrome/48.0.2564.116 Safari/537.36"
127.0.0.1 - - [29/Feb/2016:11:46:51 +0100] "GET / HTTP/1.1" 200 415 "-" "Mozilla/5.0 (Macintosh; Intel Mac OS X 10_10_5) AppleWebKit/537.36 (KHTML, like Gecko) Chrome/48.0.2564.116 Safari/537.36"
127.0.0.1 - - [29/Feb/2016:11:47:12 +0100] "GET / HTTP/1.1" 200 415 "http://forum.dispix.net/public/" "Mozilla/5.0 (Macintosh; Intel Mac OS X 10_11_3) AppleWebKit/537.36 (KHTML, like Gecko) Chrome/48.0.2564.116 Safari/537.36"
127.0.0.1 - - [29/Feb/2016:11:47:14 +0100] "GET / HTTP/1.1" 200 415 "-" "Mozilla/5.0 (Macintosh; Intel Mac OS X 10_10_5) AppleWebKit/537.36 (KHTML, like Gecko) Chrome/48.0.2564.116 Safari/537.36"
127.0.0.1 - - [29/Feb/2016:11:47:16 +0100] "GET / HTTP/1.1" 200 415 "-" "Mozilla/5.0 (Macintosh; Intel Mac OS X 10_11_3) AppleWebKit/537.36 (KHTML, like Gecko) Chrome/48.0.2564.116 Safari/537.36"
127.0.0.1 - - [29/Feb/2016:11:48:36 +0100] "GET / HTTP/1.1" 200 415 "-" "Mozilla/5.0 (Macintosh; Intel Mac OS X 10_11_3) AppleWebKit/537.36 (KHTML, like Gecko) Chrome/48.0.2564.116 Safari/537.36"
127.0.0.1 - - [29/Feb/2016:11:48:39 +0100] "GET / HTTP/1.1" 200 415 "-" "Mozilla/5.0 (Macintosh; Intel Mac OS X 10_10_5) AppleWebKit/537.36 (KHTML, like Gecko) Chrome/48.0.2564.116 Safari/537.36"
::1 - - [29/Feb/2016:11:50:47 +0100] "OPTIONS * HTTP/1.0" 200 126 "-" "Apache/2.4.10 (Debian) (internal dummy connection)"
88.165.88.77 - - [29/Feb/2016:11:54:21 +0100] "GET / HTTP/1.1" 200 452 "-" "Mozilla/5.0 (Macintosh; Intel Mac OS X 10_11_3) AppleWebKit/537.36 (KHTML, like Gecko) Chrome/48.0.2564.116 Safari/537.36"
88.165.88.77 - - [29/Feb/2016:11:56:29 +0100] "GET /favicon.ico HTTP/1.1" 404 509 "http://forum.dispix.net:8081/" "Mozilla/5.0 (Macintosh; Intel Mac OS X 10_11_3) AppleWebKit/537.36 (KHTML, like Gecko) Chrome/48.0.2564.116 Safari/537.36"
88.165.88.77 - - [29/Feb/2016:12:03:58 +0100] "GET / HTTP/1.1" 200 394 "-" "Mozilla/5.0 (Macintosh; Intel Mac OS X 10_11_3) AppleWebKit/537.36 (KHTML, like Gecko) Chrome/48.0.2564.116 Safari/537.36"
104.196.50.245 - - [29/Feb/2016:12:04:05 +0100] "GET / HTTP/1.1" 200 452 "-" "Mozilla/5.0 (compatible; Discordbot/1.0; +https://discordapp.com)"
108.61.122.152 - - [29/Feb/2016:12:04:15 +0100] "GET / HTTP/1.1" 200 452 "-" "Mozilla/5.0 (Macintosh; Intel Mac OS X 10_10_5) AppleWebKit/537.36 (KHTML, like Gecko) Chrome/48.0.2564.116 Safari/537.36"
108.61.122.152 - - [29/Feb/2016:12:06:23 +0100] "GET /favicon.ico HTTP/1.1" 404 509 "http://forum.dispix.net:8081/" "Mozilla/5.0 (Macintosh; Intel Mac OS X 10_10_5) AppleWebKit/537.36 (KHTML, like Gecko) Chrome/48.0.2564.116 Safari/537.36"
88.165.88.77 - - [29/Feb/2016:12:05:27 +0100] "GET / HTTP/1.1" 200 452 "-" "Mozilla/5.0 (Macintosh; Intel Mac OS X 10_11_3) AppleWebKit/537.36 (KHTML, like Gecko) Chrome/48.0.2564.116 Safari/537.36"
127.0.0.1 - - [29/Feb/2016:12:04:11 +0100] "GET / HTTP/1.1" 200 357 "-" "Mozilla/5.0 (Macintosh; Intel Mac OS X 10_11_3) AppleWebKit/537.36 (KHTML, like Gecko) Chrome/48.0.2564.116 Safari/537.36"
88.165.88.77 - - [29/Feb/2016:12:08:41 +0100] "GET / HTTP/1.1" 200 406 "-" "Mozilla/5.0 (Macintosh; Intel Mac OS X 10_11_3) AppleWebKit/537.36 (KHTML, like Gecko) Chrome/48.0.2564.116 Safari/537.36"
127.0.0.1 - - [29/Feb/2016:12:06:35 +0100] "GET / HTTP/1.1" 200 357 "-" "Mozilla/5.0 (Macintosh; Intel Mac OS X 10_10_5) AppleWebKit/537.36 (KHTML, like Gecko) Chrome/48.0.2564.116 Safari/537.36"
108.61.122.152 - - [29/Feb/2016:12:07:38 +0100] "GET / HTTP/1.1" 200 406 "-" "Mozilla/5.0 (Macintosh; Intel Mac OS X 10_10_5) AppleWebKit/537.36 (KHTML, like Gecko) Chrome/48.0.2564.116 Safari/537.36"
127.0.0.1 - - [29/Feb/2016:12:07:43 +0100] "GET / HTTP/1.1" 200 369 "-" "Mozilla/5.0 (Macintosh; Intel Mac OS X 10_10_5) AppleWebKit/537.36 (KHTML, like Gecko) Chrome/48.0.2564.116 Safari/537.36"
127.0.0.1 - - [29/Feb/2016:12:07:48 +0100] "GET / HTTP/1.1" 200 369 "-" "Mozilla/5.0 (Macintosh; Intel Mac OS X 10_10_5) AppleWebKit/537.36 (KHTML, like Gecko) Chrome/48.0.2564.116 Safari/537.36"
108.61.122.152 - - [29/Feb/2016:12:08:14 +0100] "GET / HTTP/1.1" 200 406 "-" "Mozilla/5.0 (Macintosh; Intel Mac OS X 10_10_5) AppleWebKit/537.36 (KHTML, like Gecko) Chrome/48.0.2564.116 Safari/537.36"
88.165.88.77 - - [29/Feb/2016:12:08:43 +0100] "GET / HTTP/1.1" 200 405 "-" "Mozilla/5.0 (Macintosh; Intel Mac OS X 10_11_3) AppleWebKit/537.36 (KHTML, like Gecko) Chrome/48.0.2564.116 Safari/537.36"
::1 - - [29/Feb/2016:12:08:51 +0100] "OPTIONS * HTTP/1.0" 200 126 "-" "Apache/2.4.10 (Debian) (internal dummy connection)"
88.165.88.77 - - [29/Feb/2016:12:09:33 +0100] "GET / HTTP/1.1" 200 406 "-" "Mozilla/5.0 (Macintosh; Intel Mac OS X 10_11_3) AppleWebKit/537.36 (KHTML, like Gecko) Chrome/48.0.2564.116 Safari/537.36"
108.61.122.152 - - [29/Feb/2016:12:09:43 +0100] "GET / HTTP/1.1" 200 367 "-" "Mozilla/5.0 (Macintosh; Intel Mac OS X 10_10_5) AppleWebKit/537.36 (KHTML, like Gecko) Chrome/48.0.2564.116 Safari/537.36"
108.61.122.152 - - [29/Feb/2016:12:09:45 +0100] "GET / HTTP/1.1" 200 366 "-" "Mozilla/5.0 (Macintosh; Intel Mac OS X 10_10_5) AppleWebKit/537.36 (KHTML, like Gecko) Chrome/48.0.2564.116 Safari/537.36"
88.165.88.77 - - [29/Feb/2016:12:04:34 +0100] "GET / HTTP/1.1" 200 394 "-" "Mozilla/5.0 (Macintosh; Intel Mac OS X 10_11_3) AppleWebKit/537.36 (KHTML, like Gecko) Chrome/48.0.2564.116 Safari/537.36"
::1 - - [29/Feb/2016:12:10:21 +0100] "OPTIONS * HTTP/1.0" 200 126 "-" "Apache/2.4.10 (Debian) (internal dummy connection)"
88.165.88.77 - - [29/Feb/2016:12:10:30 +0100] "GET / HTTP/1.1" 200 367 "-" "Mozilla/5.0 (Macintosh; Intel Mac OS X 10_11_3) AppleWebKit/537.36 (KHTML, like Gecko) Chrome/48.0.2564.116 Safari/537.36"
88.165.88.77 - - [29/Feb/2016:12:10:31 +0100] "GET / HTTP/1.1" 200 366 "-" "Mozilla/5.0 (Macintosh; Intel Mac OS X 10_11_3) AppleWebKit/537.36 (KHTML, like Gecko) Chrome/48.0.2564.116 Safari/537.36"
108.61.122.152 - - [29/Feb/2016:12:11:20 +0100] "GET / HTTP/1.1" 200 367 "-" "Mozilla/5.0 (Macintosh; Intel Mac OS X 10_10_5) AppleWebKit/537.36 (KHTML, like Gecko) Chrome/48.0.2564.116 Safari/537.36"
88.165.88.77 - - [29/Feb/2016:12:04:42 +0100] "GET / HTTP/1.1" 200 394 "-" "Mozilla/5.0 (Macintosh; Intel Mac OS X 10_11_3) AppleWebKit/537.36 (KHTML, like Gecko) Chrome/48.0.2564.116 Safari/537.36"
108.61.122.152 - - [29/Feb/2016:12:13:14 +0100] "GET / HTTP/1.1" 200 367 "-" "Mozilla/5.0 (Macintosh; Intel Mac OS X 10_10_5) AppleWebKit/537.36 (KHTML, like Gecko) Chrome/48.0.2564.116 Safari/537.36"
88.165.88.77 - - [29/Feb/2016:12:05:55 +0100] "GET / HTTP/1.1" 200 394 "-" "Mozilla/5.0 (Macintosh; Intel Mac OS X 10_11_3) AppleWebKit/537.36 (KHTML, like Gecko) Chrome/48.0.2564.116 Safari/537.36"
88.165.88.77 - - [29/Feb/2016:12:14:36 +0100] "GET /phpmyadmin HTTP/1.1" 404 509 "-" "Mozilla/5.0 (Macintosh; Intel Mac OS X 10_11_3) AppleWebKit/537.36 (KHTML, like Gecko) Chrome/48.0.2564.116 Safari/537.36"
104.196.6.118 - - [29/Feb/2016:12:14:45 +0100] "GET /phpmyadmin HTTP/1.1" 404 509 "-" "Mozilla/5.0 (compatible; Discordbot/1.0; +https://discordapp.com)"
108.61.122.152 - - [29/Feb/2016:12:16:36 +0100] "GET /phpmyadmin HTTP/1.1" 404 509 "-" "Mozilla/5.0 (Macintosh; Intel Mac OS X 10_10_5) AppleWebKit/537.36 (KHTML, like Gecko) Chrome/48.0.2564.116 Safari/537.36"
88.165.88.77 - - [29/Feb/2016:12:05:55 +0100] "GET / HTTP/1.1" 200 394 "-" "Mozilla/5.0 (Macintosh; Intel Mac OS X 10_11_3) AppleWebKit/537.36 (KHTML, like Gecko) Chrome/48.0.2564.116 Safari/537.36"
::1 - - [29/Feb/2016:12:16:44 +0100] "OPTIONS * HTTP/1.0" 200 126 "-" "Apache/2.4.10 (Debian) (internal dummy connection)"
88.165.88.77 - - [29/Feb/2016:12:05:56 +0100] "GET / HTTP/1.1" 200 394 "-" "Mozilla/5.0 (Macintosh; Intel Mac OS X 10_11_3) AppleWebKit/537.36 (KHTML, like Gecko) Chrome/48.0.2564.116 Safari/537.36"
88.165.88.77 - - [29/Feb/2016:12:14:32 +0100] "GET / HTTP/1.1" 200 367 "-" "Mozilla/5.0 (Macintosh; Intel Mac OS X 10_11_3) AppleWebKit/537.36 (KHTML, like Gecko) Chrome/48.0.2564.116 Safari/537.36"
127.0.0.1 - - [29/Feb/2016:12:10:42 +0100] "GET / HTTP/1.1" 200 330 "-" "Mozilla/5.0 (Macintosh; Intel Mac OS X 10_11_3) AppleWebKit/537.36 (KHTML, like Gecko) Chrome/48.0.2564.116 Safari/537.36"
::1 - - [29/Feb/2016:12:18:49 +0100] "OPTIONS * HTTP/1.0" 200 126 "-" "Apache/2.4.10 (Debian) (internal dummy connection)"
::1 - - [29/Feb/2016:12:18:50 +0100] "OPTIONS * HTTP/1.0" 200 126 "-" "Apache/2.4.10 (Debian) (internal dummy connection)"
::1 - - [29/Feb/2016:12:18:51 +0100] "OPTIONS * HTTP/1.0" 200 126 "-" "Apache/2.4.10 (Debian) (internal dummy connection)"
108.61.122.152 - - [29/Feb/2016:12:21:34 +0100] "GET /phpmyadmin HTTP/1.1" 404 509 "-" "Mozilla/5.0 (Macintosh; Intel Mac OS X 10_10_5) AppleWebKit/537.36 (KHTML, like Gecko) Chrome/48.0.2564.116 Safari/537.36"
108.61.122.152 - - [29/Feb/2016:12:21:35 +0100] "GET /phpmyadmin HTTP/1.1" 404 508 "-" "Mozilla/5.0 (Macintosh; Intel Mac OS X 10_10_5) AppleWebKit/537.36 (KHTML, like Gecko) Chrome/48.0.2564.116 Safari/537.36"
108.61.122.152 - - [29/Feb/2016:12:21:43 +0100] "GET / HTTP/1.1" 200 425 "-" "Mozilla/5.0 (Macintosh; Intel Mac OS X 10_10_5) AppleWebKit/537.36 (KHTML, like Gecko) Chrome/48.0.2564.116 Safari/537.36"
108.61.122.152 - - [29/Feb/2016:12:21:44 +0100] "GET /favicon.ico HTTP/1.1" 404 507 "http://www.dispix.net:8081/" "Mozilla/5.0 (Macintosh; Intel Mac OS X 10_10_5) AppleWebKit/537.36 (KHTML, like Gecko) Chrome/48.0.2564.116 Safari/537.36"
108.61.122.152 - - [29/Feb/2016:12:21:53 +0100] "GET /phpmyadmin HTTP/1.1" 404 507 "-" "Mozilla/5.0 (Macintosh; Intel Mac OS X 10_10_5) AppleWebKit/537.36 (KHTML, like Gecko) Chrome/48.0.2564.116 Safari/537.36"
127.0.0.1 - - [29/Feb/2016:12:56:05 +0100] "GET / HTTP/1.1" 200 388 "-" "Mozilla/5.0 (X11; Linux x86_64) AppleWebKit/537.36 (KHTML, like Gecko) Chrome/47.0.2526.106 Safari/537.36"
127.0.0.1 - - [29/Feb/2016:12:56:05 +0100] "GET /favicon.ico HTTP/1.1" 404 471 "http://forum.dispix.net/" "Mozilla/5.0 (X11; Linux x86_64) AppleWebKit/537.36 (KHTML, like Gecko) Chrome/47.0.2526.106 Safari/537.36"
108.61.122.152 - - [29/Feb/2016:13:54:15 +0100] "GET /phpmyadmin HTTP/1.1" 404 507 "-" "Mozilla/5.0 (Macintosh; Intel Mac OS X 10_10_5) AppleWebKit/537.36 (KHTML, like Gecko) Chrome/48.0.2564.116 Safari/537.36"
108.61.122.152 - - [29/Feb/2016:13:54:16 +0100] "GET /phpmyadmin HTTP/1.1" 404 506 "-" "Mozilla/5.0 (Macintosh; Intel Mac OS X 10_10_5) AppleWebKit/537.36 (KHTML, like Gecko) Chrome/48.0.2564.116 Safari/537.36"
108.61.122.152 - - [29/Feb/2016:13:54:17 +0100] "GET /phpmyadmin HTTP/1.1" 404 506 "-" "Mozilla/5.0 (Macintosh; Intel Mac OS X 10_10_5) AppleWebKit/537.36 (KHTML, like Gecko) Chrome/48.0.2564.116 Safari/537.36"
108.61.122.152 - - [29/Feb/2016:13:55:22 +0100] "GET /phpmyadmin HTTP/1.1" 404 507 "-" "Mozilla/5.0 (Macintosh; Intel Mac OS X 10_10_5) AppleWebKit/537.36 (KHTML, like Gecko) Chrome/48.0.2564.116 Safari/537.36"
108.61.122.152 - - [29/Feb/2016:13:55:53 +0100] "GET /phpmyadmin HTTP/1.1" 404 507 "-" "Mozilla/5.0 (Macintosh; Intel Mac OS X 10_10_5) AppleWebKit/537.36 (KHTML, like Gecko) Chrome/48.0.2564.116 Safari/537.36"
108.61.122.152 - - [29/Feb/2016:13:55:54 +0100] "GET /phpmyadmin HTTP/1.1" 404 506 "-" "Mozilla/5.0 (Macintosh; Intel Mac OS X 10_10_5) AppleWebKit/537.36 (KHTML, like Gecko) Chrome/48.0.2564.116 Safari/537.36"
108.61.122.152 - - [29/Feb/2016:13:57:56 +0100] "GET /phpmyadmin HTTP/1.1" 404 507 "-" "Mozilla/5.0 (Macintosh; Intel Mac OS X 10_10_5) AppleWebKit/537.36 (KHTML, like Gecko) Chrome/48.0.2564.116 Safari/537.36"
108.61.122.152 - - [29/Feb/2016:13:58:34 +0100] "GET /phpmyadmin HTTP/1.1" 301 603 "-" "Mozilla/5.0 (Macintosh; Intel Mac OS X 10_10_5) AppleWebKit/537.36 (KHTML, like Gecko) Chrome/48.0.2564.116 Safari/537.36"
108.61.122.152 - - [29/Feb/2016:13:58:34 +0100] "GET /phpmyadmin/ HTTP/1.1" 200 4351 "-" "Mozilla/5.0 (Macintosh; Intel Mac OS X 10_10_5) AppleWebKit/537.36 (KHTML, like Gecko) Chrome/48.0.2564.116 Safari/537.36"
108.61.122.152 - - [29/Feb/2016:13:58:35 +0100] "GET /phpmyadmin/phpmyadmin.css.php?server=1&lang=en&collation_connection=utf8_general_ci&token=dd879814ee04ac916254e0eda077365f&nocache=4338150181ltr HTTP/1.1" 200 19455 "http://www.dispix.net:8081/phpmyadmin/" "Mozilla/5.0 (Macintosh; Intel Mac OS X 10_10_5) AppleWebKit/537.36 (KHTML, like Gecko) Chrome/48.0.2564.116 Safari/537.36"
108.61.122.152 - - [29/Feb/2016:13:58:35 +0100] "GET /phpmyadmin/themes/pmahomme/jquery/jquery-ui-1.9.2.custom.css HTTP/1.1" 200 6515 "http://www.dispix.net:8081/phpmyadmin/" "Mozilla/5.0 (Macintosh; Intel Mac OS X 10_10_5) AppleWebKit/537.36 (KHTML, like Gecko) Chrome/48.0.2564.116 Safari/537.36"
108.61.122.152 - - [29/Feb/2016:13:58:35 +0100] "GET /phpmyadmin/js/whitelist.php?lang=en&db=&collation_connection=utf8_general_ci&token=dd879814ee04ac916254e0eda077365f HTTP/1.1" 200 2623 "http://www.dispix.net:8081/phpmyadmin/" "Mozilla/5.0 (Macintosh; Intel Mac OS X 10_10_5) AppleWebKit/537.36 (KHTML, like Gecko) Chrome/48.0.2564.116 Safari/537.36"
108.61.122.152 - - [29/Feb/2016:13:58:35 +0100] "GET /phpmyadmin/themes/pmahomme/img/logo_right.png HTTP/1.1" 200 4835 "http://www.dispix.net:8081/phpmyadmin/" "Mozilla/5.0 (Macintosh; Intel Mac OS X 10_10_5) AppleWebKit/537.36 (KHTML, like Gecko) Chrome/48.0.2564.116 Safari/537.36"
108.61.122.152 - - [29/Feb/2016:13:58:35 +0100] "GET /phpmyadmin/js/get_image.js.php?theme=pmahomme HTTP/1.1" 200 6789 "http://www.dispix.net:8081/phpmyadmin/" "Mozilla/5.0 (Macintosh; Intel Mac OS X 10_10_5) AppleWebKit/537.36 (KHTML, like Gecko) Chrome/48.0.2564.116 Safari/537.36"
108.61.122.152 - - [29/Feb/2016:13:58:35 +0100] "GET /phpmyadmin/js/messages.php?lang=en&db=&collation_connection=utf8_general_ci&token=dd879814ee04ac916254e0eda077365f HTTP/1.1" 200 18223 "http://www.dispix.net:8081/phpmyadmin/" "Mozilla/5.0 (Macintosh; Intel Mac OS X 10_10_5) AppleWebKit/537.36 (KHTML, like Gecko) Chrome/48.0.2564.116 Safari/537.36"
108.61.122.152 - - [29/Feb/2016:13:58:35 +0100] "GET /phpmyadmin/themes/dot.gif HTTP/1.1" 200 325 "http://www.dispix.net:8081/phpmyadmin/" "Mozilla/5.0 (Macintosh; Intel Mac OS X 10_10_5) AppleWebKit/537.36 (KHTML, like Gecko) Chrome/48.0.2564.116 Safari/537.36"
108.61.122.152 - - [29/Feb/2016:13:58:35 +0100] "GET /phpmyadmin/js/get_scripts.js.php?lang=en&collation_connection=utf8_general_ci&token=dd879814ee04ac916254e0eda077365f&scripts[]=jquery/jquery-1.8.3.min.js&scripts[]=ajax.js&scripts[]=keyhandler.js&scripts[]=jquery/jquery-ui-1.9.2.custom.min.js&scripts[]=jquery/jquery.sprintf.js&scripts[]=jquery/jquery.cookie.js&scripts[]=jquery/jquery.mousewheel.js&scripts[]=jquery/jquery.event.drag-2.2.js&scripts[]=jquery/jquery-ui-timepicker-addon.js&scripts[]=jquery/jquery.ba-hashchange-1.3.js&scripts[]=jquery/jquery.debounce-1.0.5.js&scripts[]=jquery/jquery.menuResizer-1.0.js&scripts[]=cross_framing_protection.js&scripts[]=rte.js&scripts[]=tracekit/tracekit.js&scripts[]=error_report.js&scripts[]=doclinks.js&scripts[]=functions.js&scripts[]=navigation.js&scripts[]=indexes.js&scripts[]=common.js&scripts[]=codemirror/lib/codemirror.js&scripts[]=codemirror/mode/sql/sql.js&scripts[]=codemirror/addon/runmode/runmode.js HTTP/1.1" 200 1048829 "http://www.dispix.net:8081/phpmyadmin/" "Mozilla/5.0 (Macintosh; Intel Mac OS X 10_10_5) AppleWebKit/537.36 (KHTML, like Gecko) Chrome/48.0.2564.116 Safari/537.36"
108.61.122.152 - - [29/Feb/2016:13:58:36 +0100] "GET /phpmyadmin/themes/pmahomme/img/sprites.png HTTP/1.1" 200 42744 "http://www.dispix.net:8081/phpmyadmin/phpmyadmin.css.php?server=1&lang=en&collation_connection=utf8_general_ci&token=dd879814ee04ac916254e0eda077365f&nocache=4338150181ltr" "Mozilla/5.0 (Macintosh; Intel Mac OS X 10_10_5) AppleWebKit/537.36 (KHTML, like Gecko) Chrome/48.0.2564.116 Safari/537.36"
108.61.122.152 - - [29/Feb/2016:13:58:37 +0100] "GET /phpmyadmin/favicon.ico HTTP/1.1" 200 19204 "http://www.dispix.net:8081/phpmyadmin/" "Mozilla/5.0 (Macintosh; Intel Mac OS X 10_10_5) AppleWebKit/537.36 (KHTML, like Gecko) Chrome/48.0.2564.116 Safari/537.36"
::1 - - [29/Feb/2016:13:58:42 +0100] "OPTIONS * HTTP/1.0" 200 126 "-" "Apache/2.4.10 (Debian) (internal dummy connection)"
108.61.122.152 - - [29/Feb/2016:13:58:43 +0100] "POST /phpmyadmin/index.php HTTP/1.1" 302 791 "http://www.dispix.net:8081/phpmyadmin/" "Mozilla/5.0 (Macintosh; Intel Mac OS X 10_10_5) AppleWebKit/537.36 (KHTML, like Gecko) Chrome/48.0.2564.116 Safari/537.36"
::1 - - [29/Feb/2016:13:58:43 +0100] "OPTIONS * HTTP/1.0" 200 126 "-" "Apache/2.4.10 (Debian) (internal dummy connection)"
108.61.122.152 - - [29/Feb/2016:13:58:43 +0100] "GET /phpmyadmin/index.php?token=dd879814ee04ac916254e0eda077365f HTTP/1.1" 200 9423 "http://www.dispix.net:8081/phpmyadmin/" "Mozilla/5.0 (Macintosh; Intel Mac OS X 10_10_5) AppleWebKit/537.36 (KHTML, like Gecko) Chrome/48.0.2564.116 Safari/537.36"
108.61.122.152 - - [29/Feb/2016:13:58:44 +0100] "GET /phpmyadmin/phpmyadmin.css.php?server=1&token=dd879814ee04ac916254e0eda077365f&nocache=5794900904ltr HTTP/1.1" 200 19455 "http://www.dispix.net:8081/phpmyadmin/index.php?token=dd879814ee04ac916254e0eda077365f" "Mozilla/5.0 (Macintosh; Intel Mac OS X 10_10_5) AppleWebKit/537.36 (KHTML, like Gecko) Chrome/48.0.2564.116 Safari/537.36"
108.61.122.152 - - [29/Feb/2016:13:58:44 +0100] "GET /phpmyadmin/js/whitelist.php?lang=en&db=&token=dd879814ee04ac916254e0eda077365f HTTP/1.1" 200 2623 "http://www.dispix.net:8081/phpmyadmin/index.php?token=dd879814ee04ac916254e0eda077365f" "Mozilla/5.0 (Macintosh; Intel Mac OS X 10_10_5) AppleWebKit/537.36 (KHTML, like Gecko) Chrome/48.0.2564.116 Safari/537.36"
108.61.122.152 - - [29/Feb/2016:13:58:44 +0100] "GET /phpmyadmin/themes/pmahomme/img/logo_left.png HTTP/1.1" 200 2612 "http://www.dispix.net:8081/phpmyadmin/index.php?token=dd879814ee04ac916254e0eda077365f" "Mozilla/5.0 (Macintosh; Intel Mac OS X 10_10_5) AppleWebKit/537.36 (KHTML, like Gecko) Chrome/48.0.2564.116 Safari/537.36"
108.61.122.152 - - [29/Feb/2016:13:58:44 +0100] "GET /phpmyadmin/js/messages.php?lang=en&db=&token=dd879814ee04ac916254e0eda077365f HTTP/1.1" 200 18224 "http://www.dispix.net:8081/phpmyadmin/index.php?token=dd879814ee04ac916254e0eda077365f" "Mozilla/5.0 (Macintosh; Intel Mac OS X 10_10_5) AppleWebKit/537.36 (KHTML, like Gecko) Chrome/48.0.2564.116 Safari/537.36"
108.61.122.152 - - [29/Feb/2016:13:58:44 +0100] "GET /phpmyadmin/themes/pmahomme/img/ajax_clock_small.gif HTTP/1.1" 200 2095 "http://www.dispix.net:8081/phpmyadmin/index.php?token=dd879814ee04ac916254e0eda077365f" "Mozilla/5.0 (Macintosh; Intel Mac OS X 10_10_5) AppleWebKit/537.36 (KHTML, like Gecko) Chrome/48.0.2564.116 Safari/537.36"
108.61.122.152 - - [29/Feb/2016:13:58:44 +0100] "GET /phpmyadmin/js/get_scripts.js.php?token=dd879814ee04ac916254e0eda077365f&scripts[]=jquery/jquery-1.8.3.min.js&scripts[]=ajax.js&scripts[]=keyhandler.js&scripts[]=jquery/jquery-ui-1.9.2.custom.min.js&scripts[]=jquery/jquery.sprintf.js&scripts[]=jquery/jquery.cookie.js&scripts[]=jquery/jquery.mousewheel.js&scripts[]=jquery/jquery.event.drag-2.2.js&scripts[]=jquery/jquery-ui-timepicker-addon.js&scripts[]=jquery/jquery.ba-hashchange-1.3.js&scripts[]=jquery/jquery.debounce-1.0.5.js&scripts[]=jquery/jquery.menuResizer-1.0.js&scripts[]=cross_framing_protection.js&scripts[]=rte.js&scripts[]=tracekit/tracekit.js&scripts[]=error_report.js&scripts[]=doclinks.js&scripts[]=functions.js&scripts[]=navigation.js&scripts[]=indexes.js&scripts[]=common.js&scripts[]=codemirror/lib/codemirror.js&scripts[]=codemirror/mode/sql/sql.js&scripts[]=codemirror/addon/runmode/runmode.js HTTP/1.1" 200 1048830 "http://www.dispix.net:8081/phpmyadmin/index.php?token=dd879814ee04ac916254e0eda077365f" "Mozilla/5.0 (Macintosh; Intel Mac OS X 10_10_5) AppleWebKit/537.36 (KHTML, like Gecko) Chrome/48.0.2564.116 Safari/537.36"
108.61.122.152 - - [29/Feb/2016:13:58:45 +0100] "GET /phpmyadmin/themes/pmahomme/img/left_nav_bg.png HTTP/1.1" 200 581 "http://www.dispix.net:8081/phpmyadmin/phpmyadmin.css.php?server=1&token=dd879814ee04ac916254e0eda077365f&nocache=5794900904ltr" "Mozilla/5.0 (Macintosh; Intel Mac OS X 10_10_5) AppleWebKit/537.36 (KHTML, like Gecko) Chrome/48.0.2564.116 Safari/537.36"
108.61.122.152 - - [29/Feb/2016:13:58:46 +0100] "POST /phpmyadmin/db_structure.php?ajax_request=1&favorite_table=1&sync_favorite_tables=1&token=dd879814ee04ac916254e0eda077365f HTTP/1.1" 200 828 "http://www.dispix.net:8081/phpmyadmin/index.php?token=dd879814ee04ac916254e0eda077365f" "Mozilla/5.0 (Macintosh; Intel Mac OS X 10_10_5) AppleWebKit/537.36 (KHTML, like Gecko) Chrome/48.0.2564.116 Safari/537.36"
108.61.122.152 - - [29/Feb/2016:13:58:52 +0100] "GET /phpmyadmin/navigation.php?ajax_request=1&token=dd879814ee04ac916254e0eda077365f&aPath=cm9vdA%3D%3D.bXlzcWw%3D&vPath=cm9vdA%3D%3D.bXlzcWw%3D&pos=0&pos2_name=&pos2_value=&searchClause=&searchClause2=&_nocache=1456750706300751766 HTTP/1.1" 200 30037 "http://www.dispix.net:8081/phpmyadmin/index.php?token=dd879814ee04ac916254e0eda077365f" "Mozilla/5.0 (Macintosh; Intel Mac OS X 10_10_5) AppleWebKit/537.36 (KHTML, like Gecko) Chrome/48.0.2564.116 Safari/537.36"
108.61.122.152 - - [29/Feb/2016:13:58:57 +0100] "GET /phpmyadmin/navigation.php?ajax_request=1&token=dd879814ee04ac916254e0eda077365f&aPath=cm9vdA%3D%3D.Zm9ydW0%3D&vPath=cm9vdA%3D%3D.Zm9ydW0%3D&pos=0&pos2_name=&pos2_value=&searchClause=&searchClause2=&_nocache=1456750711205858402 HTTP/1.1" 200 757 "http://www.dispix.net:8081/phpmyadmin/index.php?token=dd879814ee04ac916254e0eda077365f" "Mozilla/5.0 (Macintosh; Intel Mac OS X 10_10_5) AppleWebKit/537.36 (KHTML, like Gecko) Chrome/48.0.2564.116 Safari/537.36"
108.61.122.152 - - [29/Feb/2016:13:58:58 +0100] "GET /phpmyadmin/db_structure.php?server=1&db=forum&token=dd879814ee04ac916254e0eda077365f&ajax_request=true&ajax_page_request=true&menuHashes=f3fe9f09&_nocache=1456750712718618092 HTTP/1.1" 200 6723 "http://www.dispix.net:8081/phpmyadmin/index.php?token=dd879814ee04ac916254e0eda077365f" "Mozilla/5.0 (Macintosh; Intel Mac OS X 10_10_5) AppleWebKit/537.36 (KHTML, like Gecko) Chrome/48.0.2564.116 Safari/537.36"
108.61.122.152 - - [29/Feb/2016:13:58:59 +0100] "GET /phpmyadmin/js/get_scripts.js.php?scripts[]=db_structure.js&scripts[]=tbl_change.js&token=dd879814ee04ac916254e0eda077365f&call_done=1 HTTP/1.1" 200 43409 "http://www.dispix.net:8081/phpmyadmin/index.php?token=dd879814ee04ac916254e0eda077365f" "Mozilla/5.0 (Macintosh; Intel Mac OS X 10_10_5) AppleWebKit/537.36 (KHTML, like Gecko) Chrome/48.0.2564.116 Safari/537.36"
::1 - - [29/Feb/2016:13:59:06 +0100] "OPTIONS * HTTP/1.0" 200 126 "-" "Apache/2.4.10 (Debian) (internal dummy connection)"
108.61.122.152 - - [29/Feb/2016:14:00:46 +0100] "GET /phpmyadmin/db_import.php?db=forum&token=dd879814ee04ac916254e0eda077365f&ajax_request=true&ajax_page_request=true&menuHashes=f3fe9f09-2c203887&_nocache=1456750820904346068 HTTP/1.1" 200 16357 "http://www.dispix.net:8081/phpmyadmin/index.php?token=dd879814ee04ac916254e0eda077365f" "Mozilla/5.0 (Macintosh; Intel Mac OS X 10_10_5) AppleWebKit/537.36 (KHTML, like Gecko) Chrome/48.0.2564.116 Safari/537.36"
108.61.122.152 - - [29/Feb/2016:14:00:47 +0100] "GET /phpmyadmin/js/get_scripts.js.php?scripts[]=import.js&token=dd879814ee04ac916254e0eda077365f&call_done=1 HTTP/1.1" 200 6396 "http://www.dispix.net:8081/phpmyadmin/index.php?token=dd879814ee04ac916254e0eda077365f" "Mozilla/5.0 (Macintosh; Intel Mac OS X 10_10_5) AppleWebKit/537.36 (KHTML, like Gecko) Chrome/48.0.2564.116 Safari/537.36"
108.61.122.152 - - [29/Feb/2016:14:02:56 +0100] "POST /phpmyadmin/import.php HTTP/1.1" 200 6686 "http://www.dispix.net:8081/phpmyadmin/index.php?token=dd879814ee04ac916254e0eda077365f" "Mozilla/5.0 (Macintosh; Intel Mac OS X 10_10_5) AppleWebKit/537.36 (KHTML, like Gecko) Chrome/48.0.2564.116 Safari/537.36"
108.61.122.152 - - [29/Feb/2016:14:02:58 +0100] "GET /phpmyadmin/js/whitelist.php?lang=en&db=forum&token=dd879814ee04ac916254e0eda077365f HTTP/1.1" 200 2622 "http://www.dispix.net:8081/phpmyadmin/import.php" "Mozilla/5.0 (Macintosh; Intel Mac OS X 10_10_5) AppleWebKit/537.36 (KHTML, like Gecko) Chrome/48.0.2564.116 Safari/537.36"
108.61.122.152 - - [29/Feb/2016:14:02:58 +0100] "GET /phpmyadmin/js/messages.php?lang=en&db=forum&token=dd879814ee04ac916254e0eda077365f HTTP/1.1" 200 18224 "http://www.dispix.net:8081/phpmyadmin/import.php" "Mozilla/5.0 (Macintosh; Intel Mac OS X 10_10_5) AppleWebKit/537.36 (KHTML, like Gecko) Chrome/48.0.2564.116 Safari/537.36"
108.61.122.152 - - [29/Feb/2016:14:02:59 +0100] "GET /phpmyadmin/navigation.php?ajax_request=1&token=dd879814ee04ac916254e0eda077365f&aPath=cm9vdA%3D%3D.Zm9ydW0%3D&vPath=cm9vdA%3D%3D.Zm9ydW0%3D&pos=0&pos2_name=&pos2_value=&searchClause=&searchClause2=&_nocache=1456750953068660935 HTTP/1.1" 200 8382 "http://www.dispix.net:8081/phpmyadmin/import.php" "Mozilla/5.0 (Macintosh; Intel Mac OS X 10_10_5) AppleWebKit/537.36 (KHTML, like Gecko) Chrome/48.0.2564.116 Safari/537.36"
108.61.122.152 - - [29/Feb/2016:14:03:08 +0100] "GET / HTTP/1.1" 200 367 "-" "Mozilla/5.0 (Macintosh; Intel Mac OS X 10_10_5) AppleWebKit/537.36 (KHTML, like Gecko) Chrome/48.0.2564.116 Safari/537.36"
108.61.122.152 - - [29/Feb/2016:14:03:29 +0100] "GET / HTTP/1.1" 200 1459 "-" "Mozilla/5.0 (Macintosh; Intel Mac OS X 10_10_5) AppleWebKit/537.36 (KHTML, like Gecko) Chrome/48.0.2564.116 Safari/537.36"
108.61.122.152 - - [29/Feb/2016:14:03:29 +0100] "GET /public/css/custom.min.css HTTP/1.1" 200 1235 "http://forum.dispix.net:8081/" "Mozilla/5.0 (Macintosh; Intel Mac OS X 10_10_5) AppleWebKit/537.36 (KHTML, like Gecko) Chrome/48.0.2564.116 Safari/537.36"
108.61.122.152 - - [29/Feb/2016:14:03:29 +0100] "GET /public/css/bootstrap.min.css HTTP/1.1" 200 20222 "http://forum.dispix.net:8081/" "Mozilla/5.0 (Macintosh; Intel Mac OS X 10_10_5) AppleWebKit/537.36 (KHTML, like Gecko) Chrome/48.0.2564.116 Safari/537.36"
108.61.122.152 - - [29/Feb/2016:14:03:29 +0100] "GET /public/css/style.css HTTP/1.1" 200 1284 "http://forum.dispix.net:8081/" "Mozilla/5.0 (Macintosh; Intel Mac OS X 10_10_5) AppleWebKit/537.36 (KHTML, like Gecko) Chrome/48.0.2564.116 Safari/537.36"
108.61.122.152 - - [29/Feb/2016:14:03:29 +0100] "GET /public/js/jquery.js HTTP/1.1" 200 29886 "http://forum.dispix.net:8081/" "Mozilla/5.0 (Macintosh; Intel Mac OS X 10_10_5) AppleWebKit/537.36 (KHTML, like Gecko) Chrome/48.0.2564.116 Safari/537.36"
108.61.122.152 - - [29/Feb/2016:14:03:29 +0100] "GET /public/js/bootstrap.min.js HTTP/1.1" 200 10096 "http://forum.dispix.net:8081/" "Mozilla/5.0 (Macintosh; Intel Mac OS X 10_10_5) AppleWebKit/537.36 (KHTML, like Gecko) Chrome/48.0.2564.116 Safari/537.36"
108.61.122.152 - - [29/Feb/2016:14:03:29 +0100] "GET /public/js/script.js HTTP/1.1" 200 293 "http://forum.dispix.net:8081/" "Mozilla/5.0 (Macintosh; Intel Mac OS X 10_10_5) AppleWebKit/537.36 (KHTML, like Gecko) Chrome/48.0.2564.116 Safari/537.36"
108.61.122.152 - - [29/Feb/2016:14:03:43 +0100] "GET /phpmyadmin/sql.php?server=1&db=forum&table=user&pos=0&token=dd879814ee04ac916254e0eda077365f&ajax_request=true&ajax_page_request=true&_nocache=1456750997475922279 HTTP/1.1" 200 10173 "http://www.dispix.net:8081/phpmyadmin/import.php" "Mozilla/5.0 (Macintosh; Intel Mac OS X 10_10_5) AppleWebKit/537.36 (KHTML, like Gecko) Chrome/48.0.2564.116 Safari/537.36"
108.61.122.152 - - [29/Feb/2016:14:03:43 +0100] "GET /phpmyadmin/js/get_scripts.js.php?scripts[]=jquery/jquery.uitablefilter.js&scripts[]=tbl_change.js&scripts[]=gis_data_editor.js&scripts[]=multi_column_sort.js&token=dd879814ee04ac916254e0eda077365f&call_done=1 HTTP/1.1" 200 48323 "http://www.dispix.net:8081/phpmyadmin/import.php" "Mozilla/5.0 (Macintosh; Intel Mac OS X 10_10_5) AppleWebKit/537.36 (KHTML, like Gecko) Chrome/48.0.2564.116 Safari/537.36"
108.61.122.152 - - [29/Feb/2016:14:03:44 +0100] "GET /phpmyadmin/index.php?ajax_request=1&recent_table=1&token=dd879814ee04ac916254e0eda077365f HTTP/1.1" 200 831 "http://www.dispix.net:8081/phpmyadmin/import.php" "Mozilla/5.0 (Macintosh; Intel Mac OS X 10_10_5) AppleWebKit/537.36 (KHTML, like Gecko) Chrome/48.0.2564.116 Safari/537.36"
108.61.122.152 - - [29/Feb/2016:14:03:45 +0100] "GET /phpmyadmin/sql.php?server=1&db=forum&table=topic&pos=0&token=dd879814ee04ac916254e0eda077365f&ajax_request=true&ajax_page_request=true&menuHashes=150f5228&_nocache=1456750999883349620 HTTP/1.1" 200 10217 "http://www.dispix.net:8081/phpmyadmin/import.php" "Mozilla/5.0 (Macintosh; Intel Mac OS X 10_10_5) AppleWebKit/537.36 (KHTML, like Gecko) Chrome/48.0.2564.116 Safari/537.36"
108.61.122.152 - - [29/Feb/2016:14:03:46 +0100] "GET /phpmyadmin/index.php?ajax_request=1&recent_table=1&token=dd879814ee04ac916254e0eda077365f HTTP/1.1" 200 970 "http://www.dispix.net:8081/phpmyadmin/import.php" "Mozilla/5.0 (Macintosh; Intel Mac OS X 10_10_5) AppleWebKit/537.36 (KHTML, like Gecko) Chrome/48.0.2564.116 Safari/537.36"
108.61.122.152 - - [29/Feb/2016:14:03:47 +0100] "GET /phpmyadmin/sql.php?server=1&db=forum&table=subsection&pos=0&token=dd879814ee04ac916254e0eda077365f&ajax_request=true&ajax_page_request=true&menuHashes=150f5228-26ab9e9c&_nocache=145675100095744103 HTTP/1.1" 200 10444 "http://www.dispix.net:8081/phpmyadmin/import.php" "Mozilla/5.0 (Macintosh; Intel Mac OS X 10_10_5) AppleWebKit/537.36 (KHTML, like Gecko) Chrome/48.0.2564.116 Safari/537.36"
108.61.122.152 - - [29/Feb/2016:14:03:47 +0100] "GET /phpmyadmin/index.php?ajax_request=1&recent_table=1&token=dd879814ee04ac916254e0eda077365f HTTP/1.1" 200 1118 "http://www.dispix.net:8081/phpmyadmin/import.php" "Mozilla/5.0 (Macintosh; Intel Mac OS X 10_10_5) AppleWebKit/537.36 (KHTML, like Gecko) Chrome/48.0.2564.116 Safari/537.36"
127.0.0.1 - - [29/Feb/2016:14:03:53 +0100] "GET / HTTP/1.1" 200 1422 "-" "Mozilla/5.0 (Macintosh; Intel Mac OS X 10_10_5) AppleWebKit/537.36 (KHTML, like Gecko) Chrome/48.0.2564.116 Safari/537.36"
127.0.0.1 - - [29/Feb/2016:14:03:53 +0100] "GET /public/css/custom.min.css HTTP/1.1" 200 1198 "http://forum.dispix.net/" "Mozilla/5.0 (Macintosh; Intel Mac OS X 10_10_5) AppleWebKit/537.36 (KHTML, like Gecko) Chrome/48.0.2564.116 Safari/537.36"
127.0.0.1 - - [29/Feb/2016:14:03:53 +0100] "GET /public/css/bootstrap.min.css HTTP/1.1" 200 20186 "http://forum.dispix.net/" "Mozilla/5.0 (Macintosh; Intel Mac OS X 10_10_5) AppleWebKit/537.36 (KHTML, like Gecko) Chrome/48.0.2564.116 Safari/537.36"
127.0.0.1 - - [29/Feb/2016:14:03:53 +0100] "GET /public/css/style.css HTTP/1.1" 200 1248 "http://forum.dispix.net/" "Mozilla/5.0 (Macintosh; Intel Mac OS X 10_10_5) AppleWebKit/537.36 (KHTML, like Gecko) Chrome/48.0.2564.116 Safari/537.36"
127.0.0.1 - - [29/Feb/2016:14:03:53 +0100] "GET /public/js/bootstrap.min.js HTTP/1.1" 200 10060 "http://forum.dispix.net/" "Mozilla/5.0 (Macintosh; Intel Mac OS X 10_10_5) AppleWebKit/537.36 (KHTML, like Gecko) Chrome/48.0.2564.116 Safari/537.36"
127.0.0.1 - - [29/Feb/2016:14:03:53 +0100] "GET /public/js/jquery.js HTTP/1.1" 200 29849 "http://forum.dispix.net/" "Mozilla/5.0 (Macintosh; Intel Mac OS X 10_10_5) AppleWebKit/537.36 (KHTML, like Gecko) Chrome/48.0.2564.116 Safari/537.36"
127.0.0.1 - - [29/Feb/2016:14:03:53 +0100] "GET /public/js/script.js HTTP/1.1" 200 257 "http://forum.dispix.net/" "Mozilla/5.0 (Macintosh; Intel Mac OS X 10_10_5) AppleWebKit/537.36 (KHTML, like Gecko) Chrome/48.0.2564.116 Safari/537.36"
88.165.88.77 - - [29/Feb/2016:14:16:05 +0100] "GET /phpmyadmin HTTP/1.1" 301 609 "-" "Mozilla/5.0 (Macintosh; Intel Mac OS X 10_11_3) AppleWebKit/537.36 (KHTML, like Gecko) Chrome/48.0.2564.116 Safari/537.36"
88.165.88.77 - - [29/Feb/2016:14:16:06 +0100] "GET /phpmyadmin/ HTTP/1.1" 200 4382 "-" "Mozilla/5.0 (Macintosh; Intel Mac OS X 10_11_3) AppleWebKit/537.36 (KHTML, like Gecko) Chrome/48.0.2564.116 Safari/537.36"
88.165.88.77 - - [29/Feb/2016:14:16:06 +0100] "GET /phpmyadmin/themes/pmahomme/jquery/jquery-ui-1.9.2.custom.css HTTP/1.1" 200 6515 "http://forum.dispix.net:8081/phpmyadmin/" "Mozilla/5.0 (Macintosh; Intel Mac OS X 10_11_3) AppleWebKit/537.36 (KHTML, like Gecko) Chrome/48.0.2564.116 Safari/537.36"
88.165.88.77 - - [29/Feb/2016:14:16:06 +0100] "GET /phpmyadmin/phpmyadmin.css.php?server=1&lang=fr&collation_connection=utf8_general_ci&token=952248406f0b0b93381b81b032cbb707&nocache=4338150181ltr HTTP/1.1" 200 19455 "http://forum.dispix.net:8081/phpmyadmin/" "Mozilla/5.0 (Macintosh; Intel Mac OS X 10_11_3) AppleWebKit/537.36 (KHTML, like Gecko) Chrome/48.0.2564.116 Safari/537.36"
88.165.88.77 - - [29/Feb/2016:14:16:06 +0100] "GET /phpmyadmin/themes/pmahomme/img/logo_right.png HTTP/1.1" 200 4835 "http://forum.dispix.net:8081/phpmyadmin/" "Mozilla/5.0 (Macintosh; Intel Mac OS X 10_11_3) AppleWebKit/537.36 (KHTML, like Gecko) Chrome/48.0.2564.116 Safari/537.36"
88.165.88.77 - - [29/Feb/2016:14:16:06 +0100] "GET /phpmyadmin/js/messages.php?lang=fr&db=&collation_connection=utf8_general_ci&token=952248406f0b0b93381b81b032cbb707 HTTP/1.1" 200 20301 "http://forum.dispix.net:8081/phpmyadmin/" "Mozilla/5.0 (Macintosh; Intel Mac OS X 10_11_3) AppleWebKit/537.36 (KHTML, like Gecko) Chrome/48.0.2564.116 Safari/537.36"
88.165.88.77 - - [29/Feb/2016:14:16:07 +0100] "GET /phpmyadmin/themes/dot.gif HTTP/1.1" 200 325 "http://forum.dispix.net:8081/phpmyadmin/" "Mozilla/5.0 (Macintosh; Intel Mac OS X 10_11_3) AppleWebKit/537.36 (KHTML, like Gecko) Chrome/48.0.2564.116 Safari/537.36"
88.165.88.77 - - [29/Feb/2016:14:16:06 +0100] "GET /phpmyadmin/js/whitelist.php?lang=fr&db=&collation_connection=utf8_general_ci&token=952248406f0b0b93381b81b032cbb707 HTTP/1.1" 200 2623 "http://forum.dispix.net:8081/phpmyadmin/" "Mozilla/5.0 (Macintosh; Intel Mac OS X 10_11_3) AppleWebKit/537.36 (KHTML, like Gecko) Chrome/48.0.2564.116 Safari/537.36"
88.165.88.77 - - [29/Feb/2016:14:16:06 +0100] "GET /phpmyadmin/js/get_image.js.php?theme=pmahomme HTTP/1.1" 200 6789 "http://forum.dispix.net:8081/phpmyadmin/" "Mozilla/5.0 (Macintosh; Intel Mac OS X 10_11_3) AppleWebKit/537.36 (KHTML, like Gecko) Chrome/48.0.2564.116 Safari/537.36"
88.165.88.77 - - [29/Feb/2016:14:16:06 +0100] "GET /phpmyadmin/js/get_scripts.js.php?lang=fr&collation_connection=utf8_general_ci&token=952248406f0b0b93381b81b032cbb707&scripts[]=jquery/jquery-1.8.3.min.js&scripts[]=ajax.js&scripts[]=keyhandler.js&scripts[]=jquery/jquery-ui-1.9.2.custom.min.js&scripts[]=jquery/jquery.sprintf.js&scripts[]=jquery/jquery.cookie.js&scripts[]=jquery/jquery.mousewheel.js&scripts[]=jquery/jquery.event.drag-2.2.js&scripts[]=jquery/jquery-ui-timepicker-addon.js&scripts[]=jquery/jquery.ba-hashchange-1.3.js&scripts[]=jquery/jquery.debounce-1.0.5.js&scripts[]=jquery/jquery.menuResizer-1.0.js&scripts[]=cross_framing_protection.js&scripts[]=rte.js&scripts[]=tracekit/tracekit.js&scripts[]=error_report.js&scripts[]=doclinks.js&scripts[]=functions.js&scripts[]=navigation.js&scripts[]=indexes.js&scripts[]=common.js&scripts[]=codemirror/lib/codemirror.js&scripts[]=codemirror/mode/sql/sql.js&scripts[]=codemirror/addon/runmode/runmode.js HTTP/1.1" 200 836944 "http://forum.dispix.net:8081/phpmyadmin/" "Mozilla/5.0 (Macintosh; Intel Mac OS X 10_11_3) AppleWebKit/537.36 (KHTML, like Gecko) Chrome/48.0.2564.116 Safari/537.36"
127.0.0.1 - - [29/Feb/2016:14:16:13 +0100] "GET /phpmyadmin/ HTTP/1.1" 200 3965 "-" "Mozilla/5.0 (Macintosh; Intel Mac OS X 10_11_3) AppleWebKit/537.36 (KHTML, like Gecko) Chrome/48.0.2564.116 Safari/537.36"
127.0.0.1 - - [29/Feb/2016:14:16:13 +0100] "GET /phpmyadmin/themes/pmahomme/jquery/jquery-ui-1.9.2.custom.css HTTP/1.1" 200 6478 "http://forum.dispix.net/phpmyadmin/" "Mozilla/5.0 (Macintosh; Intel Mac OS X 10_11_3) AppleWebKit/537.36 (KHTML, like Gecko) Chrome/48.0.2564.116 Safari/537.36"
127.0.0.1 - - [29/Feb/2016:14:16:13 +0100] "GET /phpmyadmin/js/get_scripts.js.php?token=eb9e53e903a3f51d81581b6e529cdb27&scripts[]=jquery/jquery-1.8.3.min.js&scripts[]=ajax.js&scripts[]=keyhandler.js&scripts[]=jquery/jquery-ui-1.9.2.custom.min.js&scripts[]=jquery/jquery.sprintf.js&scripts[]=jquery/jquery.cookie.js&scripts[]=jquery/jquery.mousewheel.js&scripts[]=jquery/jquery.event.drag-2.2.js&scripts[]=jquery/jquery-ui-timepicker-addon.js&scripts[]=jquery/jquery.ba-hashchange-1.3.js&scripts[]=jquery/jquery.debounce-1.0.5.js&scripts[]=jquery/jquery.menuResizer-1.0.js&scripts[]=cross_framing_protection.js&scripts[]=rte.js&scripts[]=tracekit/tracekit.js&scripts[]=error_report.js&scripts[]=doclinks.js&scripts[]=functions.js&scripts[]=navigation.js&scripts[]=indexes.js&scripts[]=common.js&scripts[]=codemirror/lib/codemirror.js&scripts[]=codemirror/mode/sql/sql.js&scripts[]=codemirror/addon/runmode/runmode.js HTTP/1.1" 200 1048793 "http://forum.dispix.net/phpmyadmin/" "Mozilla/5.0 (Macintosh; Intel Mac OS X 10_11_3) AppleWebKit/537.36 (KHTML, like Gecko) Chrome/48.0.2564.116 Safari/537.36"
127.0.0.1 - - [29/Feb/2016:14:16:13 +0100] "GET /phpmyadmin/phpmyadmin.css.php?server=1&token=eb9e53e903a3f51d81581b6e529cdb27&nocache=4338150181ltr HTTP/1.1" 200 19419 "http://forum.dispix.net/phpmyadmin/" "Mozilla/5.0 (Macintosh; Intel Mac OS X 10_11_3) AppleWebKit/537.36 (KHTML, like Gecko) Chrome/48.0.2564.116 Safari/537.36"
127.0.0.1 - - [29/Feb/2016:14:16:14 +0100] "GET /phpmyadmin/themes/pmahomme/img/logo_right.png HTTP/1.1" 200 4798 "http://forum.dispix.net/phpmyadmin/" "Mozilla/5.0 (Macintosh; Intel Mac OS X 10_11_3) AppleWebKit/537.36 (KHTML, like Gecko) Chrome/48.0.2564.116 Safari/537.36"
127.0.0.1 - - [29/Feb/2016:14:16:13 +0100] "GET /phpmyadmin/js/whitelist.php?lang=fr&db=&token=eb9e53e903a3f51d81581b6e529cdb27 HTTP/1.1" 200 2586 "http://forum.dispix.net/phpmyadmin/" "Mozilla/5.0 (Macintosh; Intel Mac OS X 10_11_3) AppleWebKit/537.36 (KHTML, like Gecko) Chrome/48.0.2564.116 Safari/537.36"
127.0.0.1 - - [29/Feb/2016:14:16:13 +0100] "GET /phpmyadmin/js/get_image.js.php?theme=pmahomme HTTP/1.1" 200 6752 "http://forum.dispix.net/phpmyadmin/" "Mozilla/5.0 (Macintosh; Intel Mac OS X 10_11_3) AppleWebKit/537.36 (KHTML, like Gecko) Chrome/48.0.2564.116 Safari/537.36"
127.0.0.1 - - [29/Feb/2016:14:16:14 +0100] "GET /phpmyadmin/themes/dot.gif HTTP/1.1" 200 289 "http://forum.dispix.net/phpmyadmin/" "Mozilla/5.0 (Macintosh; Intel Mac OS X 10_11_3) AppleWebKit/537.36 (KHTML, like Gecko) Chrome/48.0.2564.116 Safari/537.36"
127.0.0.1 - - [29/Feb/2016:14:16:13 +0100] "GET /phpmyadmin/js/messages.php?lang=fr&db=&token=eb9e53e903a3f51d81581b6e529cdb27 HTTP/1.1" 200 20264 "http://forum.dispix.net/phpmyadmin/" "Mozilla/5.0 (Macintosh; Intel Mac OS X 10_11_3) AppleWebKit/537.36 (KHTML, like Gecko) Chrome/48.0.2564.116 Safari/537.36"
::1 - - [29/Feb/2016:14:16:16 +0100] "OPTIONS * HTTP/1.0" 200 126 "-" "Apache/2.4.10 (Debian) (internal dummy connection)"
127.0.0.1 - - [29/Feb/2016:14:16:19 +0100] "GET /phpmyadmin/themes/pmahomme/img/sprites.png HTTP/1.1" 200 42708 "http://forum.dispix.net/phpmyadmin/phpmyadmin.css.php?server=1&token=eb9e53e903a3f51d81581b6e529cdb27&nocache=4338150181ltr" "Mozilla/5.0 (Macintosh; Intel Mac OS X 10_11_3) AppleWebKit/537.36 (KHTML, like Gecko) Chrome/48.0.2564.116 Safari/537.36"
127.0.0.1 - - [29/Feb/2016:14:16:19 +0100] "GET /phpmyadmin/favicon.ico HTTP/1.1" 200 19168 "http://forum.dispix.net/phpmyadmin/" "Mozilla/5.0 (Macintosh; Intel Mac OS X 10_11_3) AppleWebKit/537.36 (KHTML, like Gecko) Chrome/48.0.2564.116 Safari/537.36"
127.0.0.1 - - [29/Feb/2016:14:17:32 +0100] "GET / HTTP/1.1" 200 1422 "-" "Mozilla/5.0 (Macintosh; Intel Mac OS X 10_11_3) AppleWebKit/537.36 (KHTML, like Gecko) Chrome/48.0.2564.116 Safari/537.36"
127.0.0.1 - - [29/Feb/2016:14:17:32 +0100] "GET /public/css/bootstrap.min.css HTTP/1.1" 200 20186 "http://forum.dispix.net/" "Mozilla/5.0 (Macintosh; Intel Mac OS X 10_11_3) AppleWebKit/537.36 (KHTML, like Gecko) Chrome/48.0.2564.116 Safari/537.36"
127.0.0.1 - - [29/Feb/2016:14:17:32 +0100] "GET /public/css/custom.min.css HTTP/1.1" 200 1198 "http://forum.dispix.net/" "Mozilla/5.0 (Macintosh; Intel Mac OS X 10_11_3) AppleWebKit/537.36 (KHTML, like Gecko) Chrome/48.0.2564.116 Safari/537.36"
127.0.0.1 - - [29/Feb/2016:14:17:32 +0100] "GET /public/css/style.css HTTP/1.1" 200 1248 "http://forum.dispix.net/" "Mozilla/5.0 (Macintosh; Intel Mac OS X 10_11_3) AppleWebKit/537.36 (KHTML, like Gecko) Chrome/48.0.2564.116 Safari/537.36"
127.0.0.1 - - [29/Feb/2016:14:17:32 +0100] "GET /public/js/jquery.js HTTP/1.1" 200 29849 "http://forum.dispix.net/" "Mozilla/5.0 (Macintosh; Intel Mac OS X 10_11_3) AppleWebKit/537.36 (KHTML, like Gecko) Chrome/48.0.2564.116 Safari/537.36"
127.0.0.1 - - [29/Feb/2016:14:17:32 +0100] "GET /public/js/bootstrap.min.js HTTP/1.1" 200 10060 "http://forum.dispix.net/" "Mozilla/5.0 (Macintosh; Intel Mac OS X 10_11_3) AppleWebKit/537.36 (KHTML, like Gecko) Chrome/48.0.2564.116 Safari/537.36"
127.0.0.1 - - [29/Feb/2016:14:17:32 +0100] "GET /public/js/script.js HTTP/1.1" 200 257 "http://forum.dispix.net/" "Mozilla/5.0 (Macintosh; Intel Mac OS X 10_11_3) AppleWebKit/537.36 (KHTML, like Gecko) Chrome/48.0.2564.116 Safari/537.36"
127.0.0.1 - - [29/Feb/2016:14:29:53 +0100] "POST /index.php?page=login HTTP/1.1" 200 1461 "http://forum.dispix.net/" "Mozilla/5.0 (Macintosh; Intel Mac OS X 10_10_5) AppleWebKit/537.36 (KHTML, like Gecko) Chrome/48.0.2564.116 Safari/537.36"
127.0.0.1 - - [29/Feb/2016:14:29:55 +0100] "GET /index.php?page=register HTTP/1.1" 200 1465 "http://forum.dispix.net/index.php?page=login" "Mozilla/5.0 (Macintosh; Intel Mac OS X 10_10_5) AppleWebKit/537.36 (KHTML, like Gecko) Chrome/48.0.2564.116 Safari/537.36"
127.0.0.1 - - [29/Feb/2016:14:30:07 +0100] "POST /index.php?page=register HTTP/1.1" 302 329 "http://forum.dispix.net/index.php?page=register" "Mozilla/5.0 (Macintosh; Intel Mac OS X 10_10_5) AppleWebKit/537.36 (KHTML, like Gecko) Chrome/48.0.2564.116 Safari/537.36"
127.0.0.1 - - [29/Feb/2016:14:30:07 +0100] "GET /index.php?page=login HTTP/1.1" 200 1524 "http://forum.dispix.net/index.php?page=register" "Mozilla/5.0 (Macintosh; Intel Mac OS X 10_10_5) AppleWebKit/537.36 (KHTML, like Gecko) Chrome/48.0.2564.116 Safari/537.36"
127.0.0.1 - - [29/Feb/2016:14:30:08 +0100] "GET /public/fonts/glyphicons-halflings-regular.woff2 HTTP/1.1" 200 18254 "http://forum.dispix.net/public/css/bootstrap.min.css" "Mozilla/5.0 (Macintosh; Intel Mac OS X 10_10_5) AppleWebKit/537.36 (KHTML, like Gecko) Chrome/48.0.2564.116 Safari/537.36"
127.0.0.1 - - [29/Feb/2016:14:30:15 +0100] "POST /index.php?page=login HTTP/1.1" 302 328 "http://forum.dispix.net/index.php?page=login" "Mozilla/5.0 (Macintosh; Intel Mac OS X 10_10_5) AppleWebKit/537.36 (KHTML, like Gecko) Chrome/48.0.2564.116 Safari/537.36"
127.0.0.1 - - [29/Feb/2016:14:30:15 +0100] "GET /index.php?page=home HTTP/1.1" 200 1699 "http://forum.dispix.net/index.php?page=login" "Mozilla/5.0 (Macintosh; Intel Mac OS X 10_10_5) AppleWebKit/537.36 (KHTML, like Gecko) Chrome/48.0.2564.116 Safari/537.36"
127.0.0.1 - - [29/Feb/2016:14:30:24 +0100] "GET /index.php?page=home HTTP/1.1" 200 1644 "http://forum.dispix.net/index.php?page=home" "Mozilla/5.0 (Macintosh; Intel Mac OS X 10_10_5) AppleWebKit/537.36 (KHTML, like Gecko) Chrome/48.0.2564.116 Safari/537.36"
127.0.0.1 - - [29/Feb/2016:14:30:31 +0100] "GET /index.php?page=home HTTP/1.1" 200 1644 "http://forum.dispix.net/index.php?page=home" "Mozilla/5.0 (Macintosh; Intel Mac OS X 10_10_5) AppleWebKit/537.36 (KHTML, like Gecko) Chrome/48.0.2564.116 Safari/537.36"
108.61.122.152 - - [29/Feb/2016:14:34:47 +0100] "GET /phpmyadmin/sql.php?server=1&db=forum&table=user&pos=0&token=dd879814ee04ac916254e0eda077365f&ajax_request=true&ajax_page_request=true&menuHashes=150f5228-26ab9e9c-5380b0d1&_nocache=1456752861749892375 HTTP/1.1" 200 653 "http://www.dispix.net:8081/phpmyadmin/import.php" "Mozilla/5.0 (Macintosh; Intel Mac OS X 10_10_5) AppleWebKit/537.36 (KHTML, like Gecko) Chrome/48.0.2564.116 Safari/537.36"
108.61.122.152 - - [29/Feb/2016:14:34:47 +0100] "GET /phpmyadmin/index.php?ajax_request=1&recent_table=1&token=dd879814ee04ac916254e0eda077365f HTTP/1.1" 200 505 "http://www.dispix.net:8081/phpmyadmin/import.php" "Mozilla/5.0 (Macintosh; Intel Mac OS X 10_10_5) AppleWebKit/537.36 (KHTML, like Gecko) Chrome/48.0.2564.116 Safari/537.36"
108.61.122.152 - - [29/Feb/2016:14:34:48 +0100] "POST /phpmyadmin/import.php HTTP/1.1" 200 4059 "http://www.dispix.net:8081/phpmyadmin/import.php" "Mozilla/5.0 (Macintosh; Intel Mac OS X 10_10_5) AppleWebKit/537.36 (KHTML, like Gecko) Chrome/48.0.2564.116 Safari/537.36"
